BL51 BANKED LINKER/LOCATER V6.22.2.0                                                    11/15/2022  21:48:31  PAGE 1


BL51 BANKED LINKER/LOCATER V6.22.2.0, INVOKED BY:
C:\KEIL_V5\C51\BIN\BL51.EXE .\Objects\tempc.obj TO .\Objects\tempc PRINT (.\Listings\tempc.m51) RAMSIZE (256)


MEMORY MODEL: SMALL


INPUT MODULES INCLUDED:
  .\Objects\tempc.obj (TEMPC)
  C:\KEIL_V5\C51\LIB\C51S.LIB (?C_STARTUP)
  C:\KEIL_V5\C51\LIB\C51S.LIB (?C?SIDIV)
  C:\KEIL_V5\C51\LIB\C51S.LIB (?C_INIT)
  C:\KEIL_V5\C51\LIB\C51S.LIB (?C?UIDIV)


LINK MAP OF MODULE:  .\Objects\tempc (TEMPC)


            TYPE    BASE      LENGTH    RELOCATION   SEGMENT NAME
            -----------------------------------------------------

            * * * * * * *   D A T A   M E M O R Y   * * * * * * *
            REG     0000H     0008H     ABSOLUTE     "REG BANK 0"
            DATA    0008H     0026H     UNIT         ?DT?TEMPC
            IDATA   002EH     0001H     UNIT         ?STACK

            * * * * * * *   C O D E   M E M O R Y   * * * * * * *
            CODE    0000H     0003H     ABSOLUTE     
                    0003H     0008H                  *** GAP ***
            CODE    000BH     0003H     ABSOLUTE     
                    000EH     0005H                  *** GAP ***
            CODE    0013H     0003H     ABSOLUTE     
                    0016H     000DH                  *** GAP ***
            CODE    0023H     0003H     ABSOLUTE     
                    0026H     07DAH                  *** GAP ***
            CODE    0800H     00A7H     UNIT         ?PR?BUTTON_LOOP?TEMPC
            CODE    08A7H     008CH     UNIT         ?C_C51STARTUP
            CODE    0933H     008BH     UNIT         ?C?LIB_CODE
            CODE    09BEH     0032H     UNIT         ?PR?_TIMER0_INIT?TEMPC
            CODE    09F0H     0025H     UNIT         ?PR?LOOP?TEMPC
            CODE    0A15H     0023H     UNIT         ?PR?_UART_INIT?TEMPC
            CODE    0A38H     001AH     UNIT         ?C_INITSEG
            CODE    0A52H     000DH     UNIT         ?PR?SWITCH_LOOP?TEMPC
            CODE    0A5FH     000CH     UNIT         ?PR?UART_ISR?TEMPC
            CODE    0A6BH     0009H     UNIT         ?PR?INT1_INIT?TEMPC
            CODE    0A74H     0009H     UNIT         ?PR?SETUP?TEMPC
            CODE    0A7DH     0008H     UNIT         ?PR?MAIN?TEMPC
            CODE    0A85H     0004H     UNIT         ?PR?SWITCH_INIT?TEMPC
            CODE    0A89H     0004H     UNIT         ?PR?BUTTON_INIT?TEMPC
            CODE    0A8DH     0004H     UNIT         ?PR?DISPLAY0_INIT?TEMPC
            CODE    0A91H     0004H     UNIT         ?PR?DISPLAY0_LOOP?TEMPC
            CODE    0A95H     0001H     UNIT         ?PR?MODE0?TEMPC
            CODE    0A96H     0001H     UNIT         ?PR?MODE1?TEMPC
            CODE    0A97H     0001H     UNIT         ?PR?MODE2?TEMPC
            CODE    0A98H     0001H     UNIT         ?PR?MODE3?TEMPC
            CODE    0A99H     0001H     UNIT         ?PR?TIMER0_ISR?TEMPC
            CODE    0A9AH     0001H     UNIT         ?PR?INT1_ISR?TEMPC

BL51 BANKED LINKER/LOCATER V6.22.2.0                                                  11/15/2022  21:48:31  PAGE 2




OVERLAY MAP OF MODULE:   .\Objects\tempc (TEMPC)


SEGMENT
  +--> CALLED SEGMENT
---------------------
?C_C51STARTUP
  +--> ?PR?MAIN?TEMPC
  +--> ?C_INITSEG

?PR?MAIN?TEMPC
  +--> ?PR?SETUP?TEMPC
  +--> ?PR?LOOP?TEMPC

?PR?SETUP?TEMPC
  +--> ?PR?BUTTON_INIT?TEMPC
  +--> ?PR?SWITCH_INIT?TEMPC
  +--> ?PR?DISPLAY0_INIT?TEMPC

?PR?LOOP?TEMPC
  +--> ?PR?BUTTON_LOOP?TEMPC
  +--> ?PR?SWITCH_LOOP?TEMPC
  +--> ?PR?DISPLAY0_LOOP?TEMPC
  +--> ?PR?MODE0?TEMPC
  +--> ?PR?MODE1?TEMPC
  +--> ?PR?MODE2?TEMPC
  +--> ?PR?MODE3?TEMPC



SYMBOL TABLE OF MODULE:  .\Objects\tempc (TEMPC)

  VALUE           TYPE          NAME
  ----------------------------------

  -------         MODULE        TEMPC
  C:0000H         SYMBOL        _ICE_DUMMY_
  D:0080H         PUBLIC        P0
  D:00A0H         PUBLIC        P2
  C:0A99H         PUBLIC        timer0_isr
  B:00A8H.7       PUBLIC        EA
  D:0008H         PUBLIC        L7S_T
  C:0A6BH         PUBLIC        int1_init
  B:00B0H.3       PUBLIC        P3_3
  B:00A0H.4       PUBLIC        P2_4
  B:00A0H.5       PUBLIC        P2_5
  B:00A8H.4       PUBLIC        ES
  B:00A0H.6       PUBLIC        P2_6
  B:00A0H.7       PUBLIC        P2_7
  B:0098H.0       PUBLIC        RI
  B:0098H.1       PUBLIC        TI
  C:0A7DH         PUBLIC        main
  D:0018H         PUBLIC        mode
  C:0A85H         PUBLIC        switch_init
  C:0A9AH         PUBLIC        int1_isr
BL51 BANKED LINKER/LOCATER V6.22.2.0                                                  11/15/2022  21:48:31  PAGE 3


  D:0019H         PUBLIC        time
  C:0A52H         PUBLIC        switch_loop
  C:0A74H         PUBLIC        setup
  D:0098H         PUBLIC        SCON
  D:0089H         PUBLIC        TMOD
  D:001FH         PUBLIC        led
  C:0A89H         PUBLIC        button_init
  C:09F0H         PUBLIC        loop
  C:0800H         PUBLIC        button_loop
  B:0088H.3       PUBLIC        IE1
  C:0A8DH         PUBLIC        display0_init
  D:0020H         PUBLIC        btn
  C:0A91H         PUBLIC        display0_loop
  D:0029H         PUBLIC        t0_val
  B:00A8H.1       PUBLIC        ET0
  D:008CH         PUBLIC        TH0
  D:008DH         PUBLIC        TH1
  B:00A8H.2       PUBLIC        EX1
  B:0088H.2       PUBLIC        IT1
  D:008AH         PUBLIC        TL0
  D:008BH         PUBLIC        TL1
  D:002BH         PUBLIC        tempRI
  C:0A15H         PUBLIC        _uart_init
  B:0088H.4       PUBLIC        TR0
  C:0A95H         PUBLIC        mode0
  B:0088H.6       PUBLIC        TR1
  C:0A96H         PUBLIC        mode1
  C:0A97H         PUBLIC        mode2
  C:0A98H         PUBLIC        mode3
  D:002CH         PUBLIC        swt
  C:09BEH         PUBLIC        _timer0_init
  C:0A5FH         PUBLIC        uart_isr
  -------         PROC          _TIMER0_INIT
  D:0007H         SYMBOL        mode
  D:0004H         SYMBOL        _t0_val
  D:0003H         SYMBOL        counter
  C:09BEH         LINE#         16
  C:09BEH         LINE#         17
  C:09C2H         LINE#         19
  C:09CFH         LINE#         21
  C:09DCH         LINE#         22
  C:09E9H         LINE#         23
  C:09EBH         LINE#         25
  C:09EDH         LINE#         26
  C:09EFH         LINE#         27
  -------         ENDPROC       _TIMER0_INIT
  -------         PROC          _UART_INIT
  D:0002H         SYMBOL        baudrate
  C:0A15H         LINE#         29
  C:0A19H         LINE#         30
  C:0A1CH         LINE#         31
  C:0A1FH         LINE#         33
  C:0A2FH         LINE#         34
  C:0A31H         LINE#         35
  C:0A33H         LINE#         37
  C:0A35H         LINE#         38
  C:0A37H         LINE#         39
BL51 BANKED LINKER/LOCATER V6.22.2.0                                                  11/15/2022  21:48:31  PAGE 4


  -------         ENDPROC       _UART_INIT
  -------         PROC          INT1_INIT
  C:0A6BH         LINE#         41
  C:0A6BH         LINE#         42
  C:0A6DH         LINE#         43
  C:0A6FH         LINE#         44
  C:0A71H         LINE#         45
  C:0A73H         LINE#         46
  -------         ENDPROC       INT1_INIT
  -------         PROC          SWITCH_INIT
  C:0A85H         LINE#         21
  C:0A85H         LINE#         22
  C:0A88H         LINE#         23
  -------         ENDPROC       SWITCH_INIT
  -------         PROC          BUTTON_INIT
  C:0A89H         LINE#         25
  C:0A89H         LINE#         26
  C:0A8CH         LINE#         27
  -------         ENDPROC       BUTTON_INIT
  -------         PROC          SWITCH_LOOP
  C:0A52H         LINE#         29
  C:0A52H         LINE#         30
  C:0A58H         LINE#         31
  C:0A5EH         LINE#         32
  -------         ENDPROC       SWITCH_LOOP
  -------         PROC          BUTTON_LOOP
  -------         DO            
  D:0006H         SYMBOL        i
  D:0007H         SYMBOL        read
  -------         ENDDO         
  C:0800H         LINE#         34
  C:0800H         LINE#         37
  C:0816H         LINE#         38
  C:0821H         LINE#         39
  C:0828H         LINE#         40
  C:082CH         LINE#         41
  C:0831H         LINE#         42
  C:0831H         LINE#         43
  C:0847H         LINE#         44
  C:0847H         LINE#         45
  C:0854H         LINE#         46
  C:0856H         LINE#         47
  C:0856H         LINE#         48
  C:0860H         LINE#         49
  C:0862H         LINE#         50
  C:0862H         LINE#         51
  C:0871H         LINE#         52
  C:0896H         LINE#         53
  C:0898H         LINE#         54
  C:0898H         LINE#         55
  C:08A2H         LINE#         56
  C:08A2H         LINE#         57
  C:08A2H         LINE#         58
  C:08A6H         LINE#         59
  -------         ENDPROC       BUTTON_LOOP
  -------         PROC          DISPLAY0_INIT
  C:0A8DH         LINE#         6
BL51 BANKED LINKER/LOCATER V6.22.2.0                                                  11/15/2022  21:48:31  PAGE 5


  C:0A8DH         LINE#         7
  C:0A90H         LINE#         8
  -------         ENDPROC       DISPLAY0_INIT
  -------         PROC          DISPLAY0_LOOP
  C:0A91H         LINE#         10
  C:0A91H         LINE#         11
  C:0A94H         LINE#         12
  -------         ENDPROC       DISPLAY0_LOOP
  -------         PROC          MODE0
  C:0A95H         LINE#         11
  C:0A95H         LINE#         13
  -------         ENDPROC       MODE0
  -------         PROC          MODE1
  C:0A96H         LINE#         15
  C:0A96H         LINE#         17
  -------         ENDPROC       MODE1
  -------         PROC          MODE2
  C:0A97H         LINE#         19
  C:0A97H         LINE#         21
  -------         ENDPROC       MODE2
  -------         PROC          MODE3
  C:0A98H         LINE#         23
  C:0A98H         LINE#         25
  -------         ENDPROC       MODE3
  -------         PROC          TIMER0_ISR
  C:0A99H         LINE#         28
  C:0A99H         LINE#         58
  -------         ENDPROC       TIMER0_ISR
  -------         PROC          INT1_ISR
  C:0A9AH         LINE#         60
  C:0A9AH         LINE#         62
  -------         ENDPROC       INT1_ISR
  -------         PROC          UART_ISR
  C:0A5FH         LINE#         64
  C:0A5FH         LINE#         65
  C:0A62H         LINE#         70
  C:0A64H         LINE#         71
  C:0A68H         LINE#         74
  C:0A6AH         LINE#         75
  C:0A6AH         LINE#         77
  -------         ENDPROC       UART_ISR
  -------         PROC          LOOP
  C:09F0H         LINE#         79
  C:09F0H         LINE#         80
  C:09F3H         LINE#         81
  C:09F6H         LINE#         82
  C:09F9H         LINE#         86
  C:0A08H         LINE#         87
  C:0A0BH         LINE#         88
  C:0A0EH         LINE#         89
  C:0A11H         LINE#         90
  C:0A14H         LINE#         91
  C:0A14H         LINE#         92
  -------         ENDPROC       LOOP
  -------         PROC          SETUP
  C:0A74H         LINE#         94
  C:0A74H         LINE#         95
BL51 BANKED LINKER/LOCATER V6.22.2.0                                                  11/15/2022  21:48:31  PAGE 6


  C:0A77H         LINE#         96
  C:0A7AH         LINE#         97
  -------         ENDPROC       SETUP
  -------         PROC          MAIN
  C:0A7DH         LINE#         107
  C:0A7DH         LINE#         108
  C:0A80H         LINE#         109
  -------         ENDPROC       MAIN
  -------         ENDMOD        TEMPC

  -------         MODULE        ?C?SIDIV
  C:0933H         PUBLIC        ?C?SIDIV
  -------         ENDMOD        ?C?SIDIV

  -------         MODULE        ?C?UIDIV
  C:0969H         PUBLIC        ?C?UIDIV
  -------         ENDMOD        ?C?UIDIV

*** WARNING L16: UNCALLED SEGMENT, IGNORED FOR OVERLAY PROCESS
    SEGMENT: ?PR?_TIMER0_INIT?TEMPC

*** WARNING L16: UNCALLED SEGMENT, IGNORED FOR OVERLAY PROCESS
    SEGMENT: ?PR?_UART_INIT?TEMPC

*** WARNING L16: UNCALLED SEGMENT, IGNORED FOR OVERLAY PROCESS
    SEGMENT: ?PR?INT1_INIT?TEMPC

******************************************************************************
* RESTRICTED VERSION WITH 0800H BYTE CODE SIZE LIMIT; USED: 018CH BYTE (19%) *
******************************************************************************

Program Size: data=47.0 xdata=0 code=679
LINK/LOCATE RUN COMPLETE.  3 WARNING(S),  0 ERROR(S)
